// Jest Snapshot v1, https://jestjs.io/docs/snapshot-testing

exports[`PointsDisplay Component snapshot testing should match snapshot with points 1`] = `
<View
  className="ml-5 flex-row gap-2 bg-primaryBlue px-2 rounded-full py-1 items-center"
>
  <FontAwesome
    color="#F8E23B"
    name="star"
    size={22}
  />
  <Text
    className="text-yellow font-montserrat-bold text-lg"
  >
    100
  </Text>
</View>
`;

exports[`PointsDisplay Component snapshot testing should match snapshot with zero points 1`] = `
<View
  className="ml-5 flex-row gap-2 bg-primaryBlue px-2 rounded-full py-1 items-center"
>
  <FontAwesome
    color="#F8E23B"
    name="star"
    size={22}
  />
  <Text
    className="text-yellow font-montserrat-bold text-lg"
  >
    0
  </Text>
</View>
`;
