// Jest Snapshot v1, https://jestjs.io/docs/snapshot-testing

exports[`LoginForm Component snapshot should match snapshot 1`] = `
<div>
  <form
    class="w-full space-y-4 mt-5 text-white placeholder:text-white focus-visible:ring-yellow"
    id="login"
  >
    <div
      class="grid gap-2"
      data-slot="form-item"
    >
      <label
        class="flex items-center gap-2 text-xs font-semibold leading-none select-none group-data-[disabled=true]:pointer-events-none group-data-[disabled=true]:opacity-50 peer-disabled:cursor-not-allowed peer-disabled:opacity-50 data-[error=true]:text-destructive"
        data-error="false"
        data-slot="form-label"
        for=":rq:-form-item"
      >
        Email
      </label>
      <input
        aria-describedby=":rq:-form-item-description"
        aria-invalid="false"
        class="file:text-foreground placeholder:text-muted-foreground selection:bg-primary selection:text-primary-foreground dark:bg-input/30 border-input flex h-9 w-full min-w-0 rounded-md border bg-transparent px-3 py-1 text-base shadow-xs transition-[color,box-shadow] outline-none file:inline-flex file:h-7 file:border-0 file:bg-transparent file:text-sm file:font-medium disabled:pointer-events-none disabled:cursor-not-allowed disabled:opacity-50 md:text-sm focus-visible:border-ring focus-visible:ring-ring/50 focus-visible:ring-[1px] aria-invalid:ring-destructive/20 dark:aria-invalid:ring-destructive/40 aria-invalid:border-destructive"
        data-slot="form-control"
        id=":rq:-form-item"
        name="email"
        placeholder="Enter your email"
        value=""
      />
    </div>
    <div
      class="grid gap-2"
      data-slot="form-item"
    >
      <label
        class="flex items-center gap-2 text-xs font-semibold leading-none select-none group-data-[disabled=true]:pointer-events-none group-data-[disabled=true]:opacity-50 peer-disabled:cursor-not-allowed peer-disabled:opacity-50 data-[error=true]:text-destructive"
        data-error="false"
        data-slot="form-label"
        for=":rr:-form-item"
      >
        Password
      </label>
      <div
        aria-describedby=":rr:-form-item-description"
        aria-invalid="false"
        class="relative"
        data-slot="form-control"
        id=":rr:-form-item"
      >
        <input
          class="file:text-foreground placeholder:text-muted-foreground selection:bg-primary selection:text-primary-foreground dark:bg-input/30 border-input flex h-9 w-full min-w-0 rounded-md border bg-transparent px-3 py-1 text-base shadow-xs transition-[color,box-shadow] outline-none file:inline-flex file:h-7 file:border-0 file:bg-transparent file:text-sm file:font-medium disabled:pointer-events-none disabled:cursor-not-allowed disabled:opacity-50 md:text-sm focus-visible:border-ring focus-visible:ring-ring/50 focus-visible:ring-[1px] aria-invalid:ring-destructive/20 dark:aria-invalid:ring-destructive/40 aria-invalid:border-destructive"
          data-slot="input"
          name="password"
          placeholder="Enter password"
          type="password"
          value=""
        />
        <button
          class="absolute right-2 top-1/2 -translate-y-1/2"
          type="button"
        >
          <svg
            aria-hidden="true"
            class="lucide lucide-eye"
            fill="none"
            height="16"
            stroke="currentColor"
            stroke-linecap="round"
            stroke-linejoin="round"
            stroke-width="2"
            viewBox="0 0 24 24"
            width="16"
            xmlns="http://www.w3.org/2000/svg"
          >
            <path
              d="M2.062 12.348a1 1 0 0 1 0-.696 10.75 10.75 0 0 1 19.876 0 1 1 0 0 1 0 .696 10.75 10.75 0 0 1-19.876 0"
            />
            <circle
              cx="12"
              cy="12"
              r="3"
            />
          </svg>
        </button>
      </div>
    </div>
    <button
      class="w-full bg-yellow py-2 rounded text-black font-bold hover:cursor-pointer hover:bg-yellow/80"
      type="submit"
    >
      Login
    </button>
  </form>
</div>
`;
